[0505/144900.771:INFO:CONSOLE:1] "Failed to parse audio contentType: audio/mp4; codecs=ac-3", source: https://challenges.cloudflare.com/cdn-cgi/challenge-platform/h/g/turnstile/f/ov2/av0/rch/nsdci/0x4AAAAAAADnPIDROrmt1Wwj/light/fbE/new/normal?lang=auto (1)
[0505/144900.771:INFO:CONSOLE:1] "Failed to parse audio contentType: audio/mp4; codecs=ec-3", source: https://challenges.cloudflare.com/cdn-cgi/challenge-platform/h/g/turnstile/f/ov2/av0/rch/nsdci/0x4AAAAAAADnPIDROrmt1Wwj/light/fbE/new/normal?lang=auto (1)
[0505/144900.776:INFO:CONSOLE:1] "Invalid (ambiguous) video codec string: video/webm; codecs=vp9", source: https://challenges.cloudflare.com/cdn-cgi/challenge-platform/h/g/turnstile/f/ov2/av0/rch/nsdci/0x4AAAAAAADnPIDROrmt1Wwj/light/fbE/new/normal?lang=auto (1)
[0505/144900.776:INFO:CONSOLE:1] "Failed to parse video contentType: video/ogg; codecs=theora", source: https://challenges.cloudflare.com/cdn-cgi/challenge-platform/h/g/turnstile/f/ov2/av0/rch/nsdci/0x4AAAAAAADnPIDROrmt1Wwj/light/fbE/new/normal?lang=auto (1)
[0505/144901.889:INFO:CONSOLE:1] "This document requires 'TrustedHTML' assignment. The action has been blocked.", source: https://challenges.cloudflare.com/cdn-cgi/challenge-platform/h/g/turnstile/f/ov2/av0/rch/nsdci/0x4AAAAAAADnPIDROrmt1Wwj/light/fbE/new/normal?lang=auto (1)
[0505/144901.892:INFO:CONSOLE:1] "This document requires 'TrustedHTML' assignment. The action has been blocked.", source: https://challenges.cloudflare.com/cdn-cgi/challenge-platform/h/g/turnstile/f/ov2/av0/rch/nsdci/0x4AAAAAAADnPIDROrmt1Wwj/light/fbE/new/normal?lang=auto (1)
[0505/144901.894:INFO:CONSOLE:1] "This document requires 'TrustedScript' assignment. The action has been blocked.", source: https://challenges.cloudflare.com/cdn-cgi/challenge-platform/h/g/turnstile/f/ov2/av0/rch/nsdci/0x4AAAAAAADnPIDROrmt1Wwj/light/fbE/new/normal?lang=auto (1)
[0505/144901.895:INFO:CONSOLE:1] "This document requires 'TrustedScript' assignment. The action has been blocked.", source: https://challenges.cloudflare.com/cdn-cgi/challenge-platform/h/g/turnstile/f/ov2/av0/rch/nsdci/0x4AAAAAAADnPIDROrmt1Wwj/light/fbE/new/normal?lang=auto (1)
[0505/144901.895:INFO:CONSOLE:1] "This document requires 'TrustedScriptURL' assignment. The action has been blocked.", source: https://challenges.cloudflare.com/cdn-cgi/challenge-platform/h/g/turnstile/f/ov2/av0/rch/nsdci/0x4AAAAAAADnPIDROrmt1Wwj/light/fbE/new/normal?lang=auto (1)
[0505/144901.895:INFO:CONSOLE:1] "This document requires 'TrustedScriptURL' assignment. The action has been blocked.", source: https://challenges.cloudflare.com/cdn-cgi/challenge-platform/h/g/turnstile/f/ov2/av0/rch/nsdci/0x4AAAAAAADnPIDROrmt1Wwj/light/fbE/new/normal?lang=auto (1)
[0505/144901.908:INFO:CONSOLE:1] "Executing inline script violates the following Content Security Policy directive 'script-src 'nonce-l3as2H00kEBaE3zfEpHDJl' 'unsafe-eval''. Either the 'unsafe-inline' keyword, a hash ('sha256-eJGI0Ik4oYe/PKLDOt4wcN76wYs8h+Ew05pMzdY6xG8='), or a nonce ('nonce-...') is required to enable inline execution. The action has been blocked.", source: about:srcdoc (1)
[0505/144901.908:INFO:CONSOLE:1] "Executing inline script violates the following Content Security Policy directive 'script-src 'nonce-l3as2H00kEBaE3zfEpHDJl' 'unsafe-eval''. Either the 'unsafe-inline' keyword, a hash ('sha256-eJGI0Ik4oYe/PKLDOt4wcN76wYs8h+Ew05pMzdY6xG8='), or a nonce ('nonce-...') is required to enable inline execution. The action has been blocked.", source: about:srcdoc (1)
[0505/144901.910:INFO:CONSOLE:1] "This document requires 'TrustedScript' assignment. The action has been blocked.", source: https://challenges.cloudflare.com/cdn-cgi/challenge-platform/h/g/turnstile/f/ov2/av0/rch/nsdci/0x4AAAAAAADnPIDROrmt1Wwj/light/fbE/new/normal?lang=auto (1)
[0505/144901.910:INFO:CONSOLE:1] "This document requires 'TrustedScript' assignment. The action has been blocked.", source: https://challenges.cloudflare.com/cdn-cgi/challenge-platform/h/g/turnstile/f/ov2/av0/rch/nsdci/0x4AAAAAAADnPIDROrmt1Wwj/light/fbE/new/normal?lang=auto (1)
[0505/144902.071:INFO:CONSOLE:1] "Permissions policy violation: xr-spatial-tracking is not allowed in this document.", source: https://challenges.cloudflare.com/cdn-cgi/challenge-platform/h/g/turnstile/f/ov2/av0/rch/nsdci/0x4AAAAAAADnPIDROrmt1Wwj/light/fbE/new/normal?lang=auto (1)
[0505/144902.072:INFO:CONSOLE:1] "Permissions policy violation: xr-spatial-tracking is not allowed in this document.", source: https://challenges.cloudflare.com/cdn-cgi/challenge-platform/h/g/turnstile/f/ov2/av0/rch/nsdci/0x4AAAAAAADnPIDROrmt1Wwj/light/fbE/new/normal?lang=auto (1)
[0505/144902.484:INFO:CONSOLE:0] "[.WebGL-0x70f40378b400]GL Driver Message (OpenGL, Performance, GL_CLOSE_PATH_NV, High): GPU stall due to ReadPixels", source: https://challenges.cloudflare.com/cdn-cgi/challenge-platform/h/g/turnstile/f/ov2/av0/rch/nsdci/0x4AAAAAAADnPIDROrmt1Wwj/light/fbE/new/normal?lang=auto (0)
[0505/144902.484:INFO:CONSOLE:0] "[.WebGL-0x70f40378b400]GL Driver Message (OpenGL, Performance, GL_CLOSE_PATH_NV, High): GPU stall due to ReadPixels", source: https://challenges.cloudflare.com/cdn-cgi/challenge-platform/h/g/turnstile/f/ov2/av0/rch/nsdci/0x4AAAAAAADnPIDROrmt1Wwj/light/fbE/new/normal?lang=auto (0)
[0505/144902.485:INFO:CONSOLE:0] "No available adapters.", source: https://challenges.cloudflare.com/cdn-cgi/challenge-platform/h/g/turnstile/f/ov2/av0/rch/nsdci/0x4AAAAAAADnPIDROrmt1Wwj/light/fbE/new/normal?lang=auto (0)
[0505/144902.512:INFO:CONSOLE:1] "Form submission canceled because the form is not connected", source: https://challenges.cloudflare.com/cdn-cgi/challenge-platform/h/g/turnstile/f/ov2/av0/rch/nsdci/0x4AAAAAAADnPIDROrmt1Wwj/light/fbE/new/normal?lang=auto (1)
[0505/144902.517:INFO:CONSOLE:1] "Request for the Private Access Token challenge.", source: https://challenges.cloudflare.com/cdn-cgi/challenge-platform/h/g/turnstile/f/ov2/av0/rch/nsdci/0x4AAAAAAADnPIDROrmt1Wwj/light/fbE/new/normal?lang=auto (1)
[0505/144902.517:INFO:CONSOLE:1] "The next request for the Private Access Token challenge may return a 401 and show a warning in console.", source: https://challenges.cloudflare.com/cdn-cgi/challenge-platform/h/g/turnstile/f/ov2/av0/rch/nsdci/0x4AAAAAAADnPIDROrmt1Wwj/light/fbE/new/normal?lang=auto (1)
[0505/144902.554:INFO:CONSOLE:1] "console.groupEnd", source: https://challenges.cloudflare.com/cdn-cgi/challenge-platform/h/g/turnstile/f/ov2/av0/rch/nsdci/0x4AAAAAAADnPIDROrmt1Wwj/light/fbE/new/normal?lang=auto (1)
